// Jest Snapshot v1, https://goo.gl/fbAQLP

exports[`matches snapshot 1`] = `
<DocumentFragment>
  <div
    class="App"
  >
    <div
      class="BoxList"
    >
      <h1>
        Box List
      </h1>
      <form
        class="form"
      >
        <label
          for="bgColor"
        >
          Background-Color: 
        </label>
        <input
          class="input"
          id="bgColor"
          name="bgColor"
          value=""
        />
        <label
          for="width"
        >
          Width: 
        </label>
        <input
          class="input"
          id="width"
          name="width"
          type="number"
          value=""
        />
        <label
          for="height"
        >
          Height: 
        </label>
        <input
          class="input"
          id="height"
          name="height"
          type="number"
          value=""
        />
        <button
          class="button"
        >
          Add box
        </button>
      </form>
    </div>
    <div
      class="TodoList"
    >
      <h1>
        Todo App
      </h1>
      <form
        class="todo-form"
      >
        <label
          for="name"
        >
          Todo:
        </label>
        <input
          id="name"
          name="name"
          value=""
        />
        <button
          id="btn"
        >
          Add todo
        </button>
      </form>
    </div>
  </div>
</DocumentFragment>
`;
