// Jest Snapshot v1, https://goo.gl/fbAQLP

exports[`matches snapshot 1`] = `
<DocumentFragment>
  <div
    class="TodoList"
  >
    <h1>
      Todo App
    </h1>
    <form
      class="todo-form"
    >
      <label
        for="name"
      >
        Todo:
      </label>
      <input
        id="name"
        name="name"
        value=""
      />
      <button
        id="btn"
      >
        Add todo
      </button>
    </form>
  </div>
</DocumentFragment>
`;
