// Jest Snapshot v1, https://goo.gl/fbAQLP

exports[`matches snapshot 1`] = `
<DocumentFragment>
  <div
    class="todo-container"
  >
    <li>
      <button
        class="removebtn"
      >
        x
      </button>
    </li>
  </div>
</DocumentFragment>
`;
